RAM Allocation [bytes]
Variable                                                                          Address   Size
------------------------------------------------------------------------------------------------
TWI_Rx_Buf                                                                        0x03E3      50
TWI_Tx_Buf                                                                        0x0415      50
UART_Rx_Buf                                                                       0x0447      50
Status_Code                                                                       0x0479       1

EEPROM Allocation [bytes]
Variable                                                                          Address   Size
------------------------------------------------------------------------------------------------

Register Allocation
Variable                                                                          Register  Size
------------------------------------------------------------------------------------------------
i                                                                                 R3,R4        2
UART_Rx_Index                                                                     R5,R6        2
UART_Data_In                                                                      R7,R8        2
TWI_Rx_Index                                                                      R9,R10       2
TWI_Tx_Index                                                                      R11,R12      2
TWI_Data_In                                                                       R13,R14      2

FLASH Allocation [words]
Function                                                                          Address   Size
------------------------------------------------------------------------------------------------
uart_init                                                                         0x000FB     33
uart_putchar                                                                      0x0011C     10
uart_putstring                                                                    0x00126     21
TWI_Init                                                                          0x0013B     40
usart_rx_isr                                                                      0x00163     34
TWI_isr                                                                           0x00185    142
main                                                                              0x00213     43
