RAM Allocation [bytes]
Variable                                                                          Address   Size
------------------------------------------------------------------------------------------------
ADC_val                                                                           0x032E       4

EEPROM Allocation [bytes]
Variable                                                                          Address   Size
------------------------------------------------------------------------------------------------

Register Allocation
Variable                                                                          Register  Size
------------------------------------------------------------------------------------------------
n                                                                                 R3,R4        2

FLASH Allocation [words]
Function                                                                          Address   Size
------------------------------------------------------------------------------------------------
putchar                                                                           0x00086     10
putstring                                                                         0x00090     21
put_int                                                                           0x000A5     50
main                                                                              0x000D7    106
